
> private-comparer@0.0.0 build
> tsc -b && vite build

src/App.tsx(3,18): error TS1484: 'TabType' is a type and must be imported using a type-only import when 'verbatimModuleSyntax' is enabled.
src/App.tsx(4,19): error TS1484: 'DiffOptions' is a type and must be imported using a type-only import when 'verbatimModuleSyntax' is enabled.
src/App.tsx(11,28): error TS6133: 'setSidebarCollapsed' is declared but its value is never read.
src/components/DiffEditor.tsx(1,27): error TS6133: 'useMemo' is declared but its value is never read.
src/components/DiffEditor.tsx(2,18): error TS6133: 'FileText' is declared but its value is never read.
src/components/DiffEditor.tsx(2,40): error TS6133: 'CornerRightDown' is declared but its value is never read.
src/components/DiffEditor.tsx(3,23): error TS1484: 'DiffResult' is a type and must be imported using a type-only import when 'verbatimModuleSyntax' is enabled.
src/components/DiffEditor.tsx(3,35): error TS1484: 'DiffPrecision' is a type and must be imported using a type-only import when 'verbatimModuleSyntax' is enabled.
src/components/DiffEditor.tsx(3,35): error TS6133: 'DiffPrecision' is declared but its value is never read.
src/components/DiffEditor.tsx(3,50): error TS2305: Module '"../lib/diffEngine"' has no exported member 'DiffOptions'.
src/components/DiffEditor.tsx(157,50): error TS6133: 'idx' is declared but its value is never read.
src/components/DiffEditor.tsx(178,50): error TS6133: 'idx' is declared but its value is never read.
src/components/DiffEditor.tsx(205,52): error TS6133: 'idx' is declared but its value is never read.
src/components/DiffEditor.tsx(227,52): error TS6133: 'idx' is declared but its value is never read.
src/components/Header.tsx(2,29): error TS6133: 'Upload' is declared but its value is never read.
src/components/Header.tsx(2,46): error TS6133: 'ImageIcon' is declared but its value is never read.
src/components/Header.tsx(2,57): error TS6133: 'FileText' is declared but its value is never read.
src/components/Header.tsx(2,67): error TS6133: 'Settings' is declared but its value is never read.
src/components/Header.tsx(2,77): error TS6133: 'Download' is declared but its value is never read.
src/components/ImageCompare.tsx(1,46): error TS1484: 'MouseEvent' is a type and must be imported using a type-only import when 'verbatimModuleSyntax' is enabled.
src/components/ImageCompare.tsx(8,3): error TS1484: 'ImageCompareMode' is a type and must be imported using a type-only import when 'verbatimModuleSyntax' is enabled.
src/components/ImageCompare.tsx(9,3): error TS1484: 'ImageDiffResult' is a type and must be imported using a type-only import when 'verbatimModuleSyntax' is enabled.
src/components/Sidebar.tsx(2,29): error TS6133: 'ChevronRight' is declared but its value is never read.
src/components/Sidebar.tsx(3,10): error TS1484: 'DiffPrecision' is a type and must be imported using a type-only import when 'verbatimModuleSyntax' is enabled.
src/lib/diffEngine.ts(129,9): error TS6133: 'maxLen' is declared but its value is never read.
